[데이터] Binance Vision 수집 (SHA256 검증)
    ... 2019-07 까지 1022427행
    ... 2021-07 까지 2072469행
    ... 2023-07 까지 3123199행
    ... 2025-07 까지 4175839행
    월별 108개 + 일별 7개 파일
    [주의] 타임스탬프 이상 2건 — 데이터는 그대로 둔다
      idx 1753090 close_not_increasing: close_time[1753090]=1608559739999 >= close_time[1753091]=1608558440521
      idx 1753091 close_before_open: close_time=1608558440521 <= open_time=1608559740000
    ... 2019-07 까지 204491행
    ... 2021-07 까지 414503행
    ... 2023-07 까지 624649행
    ... 2025-07 까지 835177행
    월별 108개 + 일별 7개 파일
    [주의] 타임스탬프 이상 2건 — 데이터는 그대로 둔다
      idx 350624 close_not_increasing: close_time[350624]=1608559499999 >= close_time[350625]=1608558440521
      idx 350625 close_before_open: close_time=1608558440521 <= open_time=1608559500000
  1분봉 4711519개  2017-08-17 04:00 UTC ~ 2026-08-07 23:59 UTC
  5분봉 942313개  2017-08-17 04:00 UTC ~ 2026-08-07 23:55 UTC  (1s)
  절단 후 1분봉 4710079 / 5분봉 942025  (기준 2026-08-06T23:55:00Z)

[표본] +0분 피처 생성
    ... 200000개 (8s)
    ... 400000개 (15s)
    ... 600000개 (22s)
    ... 800000개 (29s)
    표본 932491개  제외: 도지 5039 / 워밍업 37 / 결측 4458  (34s)

[워크포워드] 30일마다 직전 180일로 재학습, 평가 시작 2018-02-13 12:20 UTC
    ... 재학습 12회
    ... 재학습 24회
    ... 재학습 36회
    ... 재학습 48회
    ... 재학습 60회
    ... 재학습 72회
    ... 재학습 84회
    ... 재학습 96회
    총 재학습 104회

========================================================
전체 결과  n=888525
========================================================
  정확도  : 52.772%   (p=0)
  AUC     : 0.5408
  ECE     : 0.0080
  재학습  : 104회
  소요    : 181초

==================== G1' Python 재현 ====================
  정확도        go=0.52772  py=0.52773  차이 -0.00001  (허용 0.00030)  통과
  AUC        go=0.54081  py=0.54080  차이 +0.00001  (허용 0.00050)  통과
  표본 수       go=888525  py=888525  통과

======== G1' 지표 구현 검증 (Python 확률값 입력) ========
  정확도      go=0.5277274134098646  py=0.5277274134098646  차이 0.000e+00  통과
  AUC      go=0.5408063898566969  py=0.5408063898566969  차이 0.000e+00  통과
  ECE      go=0.0079690974214180  py=0.0079690974214159  차이 2.127e-15  통과

============ G1' 표본별 대조 (Python 참조) ============
  표본 수·candle_start 수열 888525개 완전 일치
  정답 라벨 전부 일치
  max|Δp|      4.253e-03  (허용 1.000e-02)  통과
  중앙값|Δp|      3.626e-05  (허용 1.000e-03)  통과
  99.9%|Δp|    5.073e-04  (참고)
  뒤집힘          421개 = 0.0474%  (허용 0.5000%)  통과

  판정: 통과 — P0~P1 완료
