# ⚠️ 이 로그는 커밋 56cc34b **이전** 바이너리의 출력이다 — 아래 두 줄은 믿지 마라.
#
# 1) 마지막 "판정(배관)" 줄의 **"60분 내내"** 는 하드코딩 결함이다. 실제 관측은
#    20분이다(-minutes 20 로 돌렸다). 56cc34b 가 그 문구를 실행
#    조건에서 받아 쓰도록 고쳤지만, 이 로그는 그 전에 찍힌 것이다.
# 2) "프레임 간 간격 분포" 줄(본문에 "전체 마켓 합산" 이라고 적혀 있다)은 쓰면 안 된다.
#    (*ws.Book).Stale 은 호가창을 하나씩 검사하므로 마켓을 섞어 세면 간격이
#    실제보다 짧게 나온다 — 합산 p99=0.9s/최대 3.8s vs 마켓별 p99=2.0s/최대 9.0s.
#    **마켓별 값은 docs/results/p4-findings.md 를 봐라.**
#
# 로그 본문은 원자료이므로 고치지 않는다 — 위 두 줄을 정정한 바이너리로 다시
# 돌린 소크는 없다. 그래서 파일을 손대는 대신 이 주석을 붙인다.
#
# 20분 mainnet 소크(4차) — [프레임] 줄 6,396개를 제외한 전문.
[Step 1] REST 베이스 URL = https://api.predict.fun
[Step 1] 카테고리 조회 성공, 진행 중(+1m0s 내 시작) btc-updown-5m-* 회차 1개 발견
    btc-updown-5m-1786275300     marketId=1235887  precision=2 feeRateBps=200 shareThreshold=100 spreadThreshold=0.06
        outcome=Up   indexSet=1 onChainId=66094985110373551364599166374381503118674108152685847960590564212321058846125
        outcome=Down indexSet=2 onChainId=70225320879105693938882311726377131472818619207254103916035477479645308795668

[Step 2] 오더북 소크 테스트 시작 — 20분, 폴링 주기 20s
time=2026-08-09T20:36:57.739+09:00 level=WARN msg="신규 회차 구독 실패" marketId=1235887 slug=btc-updown-5m-1786275300 err="연결이 없다"
time=2026-08-09T20:36:57.850+09:00 level=INFO msg="ws 연결됨" url=wss://ws.predict.fun/ws connect=1
[상태] 경과 1m0s | 추적 마켓 1개 | 재접속 0회 | 오더북 프레임 261개 | 마지막 갱신 0s 전
[상태] 경과 2m0s | 추적 마켓 1개 | 재접속 0회 | 오더북 프레임 518개 | 마지막 갱신 0s 전
time=2026-08-09T20:39:10.056+09:00 level=INFO msg="신규 회차 구독" marketId=1235916 slug=btc-updown-5m-1786275600 decimalPrecision=2
[상태] 경과 3m0s | 추적 마켓 2개 | 재접속 0회 | 오더북 프레임 897개 | 마지막 갱신 0s 전
time=2026-08-09T20:40:13.054+09:00 level=INFO msg="만료 회차 구독해제" marketId=1235887
[상태] 경과 4m0s | 추적 마켓 1개 | 재접속 0회 | 오더북 프레임 1207개 | 마지막 갱신 0s 전
[상태] 경과 5m0s | 추적 마켓 1개 | 재접속 0회 | 오더북 프레임 1514개 | 마지막 갱신 0s 전
[상태] 경과 6m0s | 추적 마켓 1개 | 재접속 0회 | 오더북 프레임 1832개 | 마지막 갱신 0s 전
time=2026-08-09T20:44:14.343+09:00 level=INFO msg="신규 회차 구독" marketId=1235919 slug=btc-updown-5m-1786275900 decimalPrecision=2
[상태] 경과 7m0s | 추적 마켓 2개 | 재접속 0회 | 오더북 프레임 2126개 | 마지막 갱신 1s 전
time=2026-08-09T20:45:20.707+09:00 level=INFO msg="만료 회차 구독해제" marketId=1235916
[상태] 경과 8m0s | 추적 마켓 1개 | 재접속 0회 | 오더북 프레임 2486개 | 마지막 갱신 0s 전
[상태] 경과 9m0s | 추적 마켓 1개 | 재접속 0회 | 오더북 프레임 2800개 | 마지막 갱신 0s 전
[상태] 경과 10m0s | 추적 마켓 1개 | 재접속 0회 | 오더북 프레임 3118개 | 마지막 갱신 0s 전
[상태] 경과 11m0s | 추적 마켓 1개 | 재접속 0회 | 오더북 프레임 3439개 | 마지막 갱신 0s 전
time=2026-08-09T20:49:22.211+09:00 level=INFO msg="신규 회차 구독" marketId=1235977 slug=btc-updown-5m-1786276200 decimalPrecision=2
[상태] 경과 12m0s | 추적 마켓 2개 | 재접속 0회 | 오더북 프레임 3867개 | 마지막 갱신 0s 전
time=2026-08-09T20:50:05.420+09:00 level=INFO msg="만료 회차 구독해제" marketId=1235919
[상태] 경과 13m0s | 추적 마켓 1개 | 재접속 0회 | 오더북 프레임 4192개 | 마지막 갱신 0s 전
[상태] 경과 14m0s | 추적 마켓 1개 | 재접속 0회 | 오더북 프레임 4508개 | 마지막 갱신 0s 전
[상태] 경과 15m0s | 추적 마켓 1개 | 재접속 0회 | 오더북 프레임 4795개 | 마지막 갱신 0s 전
time=2026-08-09T20:54:05.888+09:00 level=INFO msg="신규 회차 구독" marketId=1235980 slug=btc-updown-5m-1786276500 decimalPrecision=2
[상태] 경과 16m0s | 추적 마켓 2개 | 재접속 0회 | 오더북 프레임 5084개 | 마지막 갱신 0s 전
time=2026-08-09T20:55:11.525+09:00 level=INFO msg="만료 회차 구독해제" marketId=1235977
[상태] 경과 17m0s | 추적 마켓 1개 | 재접속 0회 | 오더북 프레임 5443개 | 마지막 갱신 0s 전
[상태] 경과 18m0s | 추적 마켓 1개 | 재접속 0회 | 오더북 프레임 5785개 | 마지막 갱신 0s 전
[상태] 경과 19m0s | 추적 마켓 1개 | 재접속 0회 | 오더북 프레임 6098개 | 마지막 갱신 0s 전
[상태] 경과 20m0s | 추적 마켓 1개 | 재접속 0회 | 오더북 프레임 6396개 | 마지막 갱신 0s 전

[Step 2] 완료 — 20분 경과
  총 재접속: 0회 (최초 연결은 세지 않는다)
  추적한 회차 수(누적): 5개
  구독/구독해제 거부(success=false): 0건
  오더북 프레임 수신: 6396개
  기타(하트비트 제외) 프레임: 9개
  관측된 decimalPrecision: map[2:5]
  데이터 공백(재접속에 따른 OnGap) 0건:
  공백 합계(재접속 기인): 0s
  최대 무갱신 간격(오더북): 1s
  개별 프레임 기록: 6396건
  프레임 간 간격 분포(연속된 오더북 프레임 사이, 전체 마켓 합산, n=6395): 중앙값=0.2s p90=0.4s p99=0.9s 최대=3.7s
  회차 안 시각 분포(30초 구간, 회차 시작부터 경과 — [0,300)초만):
      0~ 30s: 540
     30~ 60s: 586
     60~ 90s: 617
     90~120s: 565
    120~150s: 712
    150~180s: 654
    180~210s: 705
    210~240s: 576
    240~270s: 494
    270~300s: 502
    회차 시작 전(아직 안 열림, 사전 구독): 429건
    회차 종료 후(만기 지났는데 API가 아직 OPEN으로 보여줌): 16건

판정(배관): 통과 — 60분 내내 연결이 유지됐고(재접속이 있었다면 전부 복구됐고) 모든 구독/구독해제 요청이 승인됐다
판정(오더북 연속성): 관측됨 — 6396개 프레임, 최대 무갱신 간격 1s. 이 값이 재호가 루프 설계의 입력이다(끊기지 않았다는 보장은 아니다 — 위 최대 간격을 직접 봐라).
