# ⚠️ 이 로그는 커밋 56cc34b **이전** 바이너리의 출력이다 — 아래 두 줄은 믿지 마라.
#
# 1) 마지막 "판정(배관)" 줄의 **"60분 내내"** 는 하드코딩 결함이다. 실제 관측은
#    30분이다(-minutes 30 로 돌렸다). 56cc34b 가 그 문구를 실행
#    조건에서 받아 쓰도록 고쳤지만, 이 로그는 그 전에 찍힌 것이다.
# 2) "프레임 간 간격 분포" 줄(본문에 "전체 마켓 합산" 이라고 적혀 있다)은 쓰면 안 된다.
#    (*ws.Book).Stale 은 호가창을 하나씩 검사하므로 마켓을 섞어 세면 간격이
#    실제보다 짧게 나온다 — 합산 p99=0.9s/최대 3.8s vs 마켓별 p99=2.0s/최대 9.0s.
#    **마켓별 값은 docs/results/p4-findings.md 를 봐라.**
#
# 로그 본문은 원자료이므로 고치지 않는다 — 위 두 줄을 정정한 바이너리로 다시
# 돌린 소크는 없다. 그래서 파일을 손대는 대신 이 주석을 붙인다.
#
# 30분 mainnet 소크 — [프레임] 줄 9,366개를 제외한 전문.
# 프레임 원문 포함 전체는 p4-soak-30min-mainnet-frames.log.gz 에 있다.
[Step 1] REST 베이스 URL = https://api.predict.fun
[Step 1] 카테고리 조회 성공, 진행 중(+1m0s 내 시작) btc-updown-5m-* 회차 2개 발견
    btc-updown-5m-1786275000     marketId=1235630  precision=2 feeRateBps=200 shareThreshold=100 spreadThreshold=0.06
        outcome=Up   indexSet=1 onChainId=4877876272940502599394829958455348482051710425417712763042212199354998827968
        outcome=Down indexSet=2 onChainId=29188793345681067371734641489778834313594125775666233582745751626658702344423
    btc-updown-5m-1786275300     marketId=1235887  precision=2 feeRateBps=200 shareThreshold=100 spreadThreshold=0.06
        outcome=Up   indexSet=1 onChainId=66094985110373551364599166374381503118674108152685847960590564212321058846125
        outcome=Down indexSet=2 onChainId=70225320879105693938882311726377131472818619207254103916035477479645308795668

[Step 2] 오더북 소크 테스트 시작 — 30분, 폴링 주기 20s
time=2026-08-09T20:34:49.638+09:00 level=WARN msg="신규 회차 구독 실패" marketId=1235630 slug=btc-updown-5m-1786275000 err="연결이 없다"
time=2026-08-09T20:34:49.638+09:00 level=WARN msg="신규 회차 구독 실패" marketId=1235887 slug=btc-updown-5m-1786275300 err="연결이 없다"
time=2026-08-09T20:34:49.768+09:00 level=INFO msg="ws 연결됨" url=wss://ws.predict.fun/ws connect=1
time=2026-08-09T20:35:12.748+09:00 level=INFO msg="만료 회차 구독해제" marketId=1235630
[상태] 경과 1m0s | 추적 마켓 1개 | 재접속 0회 | 오더북 프레임 333개 | 마지막 갱신 0s 전
[상태] 경과 2m0s | 추적 마켓 1개 | 재접속 0회 | 오더북 프레임 653개 | 마지막 갱신 0s 전
[상태] 경과 3m0s | 추적 마켓 1개 | 재접속 0회 | 오더북 프레임 910개 | 마지막 갱신 0s 전
[상태] 경과 4m0s | 추적 마켓 1개 | 재접속 0회 | 오더북 프레임 1165개 | 마지막 갱신 0s 전
time=2026-08-09T20:39:13.572+09:00 level=INFO msg="신규 회차 구독" marketId=1235916 slug=btc-updown-5m-1786275600 decimalPrecision=2
[상태] 경과 5m0s | 추적 마켓 2개 | 재접속 0회 | 오더북 프레임 1544개 | 마지막 갱신 1s 전
time=2026-08-09T20:40:16.536+09:00 level=INFO msg="만료 회차 구독해제" marketId=1235887
[상태] 경과 6m0s | 추적 마켓 1개 | 재접속 0회 | 오더북 프레임 1859개 | 마지막 갱신 0s 전
[상태] 경과 7m0s | 추적 마켓 1개 | 재접속 0회 | 오더북 프레임 2165개 | 마지막 갱신 0s 전
[상태] 경과 8m0s | 추적 마켓 1개 | 재접속 0회 | 오더북 프레임 2485개 | 마지막 갱신 0s 전
time=2026-08-09T20:44:18.178+09:00 level=INFO msg="신규 회차 구독" marketId=1235919 slug=btc-updown-5m-1786275900 decimalPrecision=2
[상태] 경과 9m0s | 추적 마켓 2개 | 재접속 0회 | 오더북 프레임 2775개 | 마지막 갱신 0s 전
time=2026-08-09T20:45:04.416+09:00 level=INFO msg="만료 회차 구독해제" marketId=1235916
[상태] 경과 10m0s | 추적 마켓 1개 | 재접속 0회 | 오더북 프레임 3135개 | 마지막 갱신 0s 전
[상태] 경과 11m0s | 추적 마켓 1개 | 재접속 0회 | 오더북 프레임 3448개 | 마지막 갱신 0s 전
[상태] 경과 12m0s | 추적 마켓 1개 | 재접속 0회 | 오더북 프레임 3764개 | 마지막 갱신 0s 전
[상태] 경과 13m0s | 추적 마켓 1개 | 재접속 0회 | 오더북 프레임 4084개 | 마지막 갱신 0s 전
time=2026-08-09T20:49:02.553+09:00 level=INFO msg="신규 회차 구독" marketId=1235977 slug=btc-updown-5m-1786276200 decimalPrecision=2
[상태] 경과 14m0s | 추적 마켓 2개 | 재접속 0회 | 오더북 프레임 4528개 | 마지막 갱신 0s 전
time=2026-08-09T20:50:08.930+09:00 level=INFO msg="만료 회차 구독해제" marketId=1235919
[상태] 경과 15m0s | 추적 마켓 1개 | 재접속 0회 | 오더북 프레임 4855개 | 마지막 갱신 0s 전
[상태] 경과 16m0s | 추적 마켓 1개 | 재접속 0회 | 오더북 프레임 5170개 | 마지막 갱신 0s 전
[상태] 경과 17m0s | 추적 마켓 1개 | 재접속 0회 | 오더북 프레임 5455개 | 마지막 갱신 0s 전
time=2026-08-09T20:54:09.393+09:00 level=INFO msg="신규 회차 구독" marketId=1235980 slug=btc-updown-5m-1786276500 decimalPrecision=2
[상태] 경과 18m0s | 추적 마켓 2개 | 재접속 0회 | 오더북 프레임 5757개 | 마지막 갱신 0s 전
time=2026-08-09T20:55:15.024+09:00 level=INFO msg="만료 회차 구독해제" marketId=1235977
[상태] 경과 19m0s | 추적 마켓 1개 | 재접속 0회 | 오더북 프레임 6100개 | 마지막 갱신 0s 전
[상태] 경과 20m0s | 추적 마켓 1개 | 재접속 0회 | 오더북 프레임 6441개 | 마지막 갱신 0s 전
[상태] 경과 21m0s | 추적 마켓 1개 | 재접속 0회 | 오더북 프레임 6752개 | 마지막 갱신 0s 전
[상태] 경과 22m0s | 추적 마켓 1개 | 재접속 0회 | 오더북 프레임 7055개 | 마지막 갱신 0s 전
time=2026-08-09T20:59:14.776+09:00 level=INFO msg="신규 회차 구독" marketId=1236001 slug=btc-updown-5m-1786276800 decimalPrecision=2
[상태] 경과 23m0s | 추적 마켓 2개 | 재접속 0회 | 오더북 프레임 7364개 | 마지막 갱신 0s 전
time=2026-08-09T21:00:20.522+09:00 level=INFO msg="만료 회차 구독해제" marketId=1235980
[상태] 경과 24m0s | 추적 마켓 1개 | 재접속 0회 | 오더북 프레임 7697개 | 마지막 갱신 0s 전
[상태] 경과 25m0s | 추적 마켓 1개 | 재접속 0회 | 오더북 프레임 8020개 | 마지막 갱신 0s 전
[상태] 경과 26m0s | 추적 마켓 1개 | 재접속 0회 | 오더북 프레임 8309개 | 마지막 갱신 0s 전
[상태] 경과 27m0s | 추적 마켓 1개 | 재접속 0회 | 오더북 프레임 8506개 | 마지막 갱신 0s 전
time=2026-08-09T21:04:18.686+09:00 level=INFO msg="신규 회차 구독" marketId=1236002 slug=btc-updown-5m-1786277100 decimalPrecision=2
time=2026-08-09T21:05:05.103+09:00 level=INFO msg="만료 회차 구독해제" marketId=1236001
[상태] 경과 28m0s | 추적 마켓 1개 | 재접속 0회 | 오더북 프레임 8774개 | 마지막 갱신 0s 전
[상태] 경과 29m0s | 추적 마켓 1개 | 재접속 0회 | 오더북 프레임 9080개 | 마지막 갱신 0s 전
[상태] 경과 30m0s | 추적 마켓 1개 | 재접속 0회 | 오더북 프레임 9366개 | 마지막 갱신 0s 전

[Step 2] 완료 — 30분 경과
  총 재접속: 0회 (최초 연결은 세지 않는다)
  추적한 회차 수(누적): 8개
  구독/구독해제 거부(success=false): 0건
  오더북 프레임 수신: 9366개
  기타(하트비트 제외) 프레임: 15개
  관측된 decimalPrecision: map[2:8]
  데이터 공백(재접속에 따른 OnGap) 0건:
  공백 합계(재접속 기인): 0s
  최대 무갱신 간격(오더북): 1s
  개별 프레임 기록: 9366건
  프레임 간 간격 분포(연속된 오더북 프레임 사이, 전체 마켓 합산, n=9365): 중앙값=0.2s p90=0.4s p99=0.9s 최대=3.8s
  회차 안 시각 분포(30초 구간, 회차 시작부터 경과 — [0,300)초만):
      0~ 30s: 979
     30~ 60s: 1016
     60~ 90s: 1044
     90~120s: 971
    120~150s: 990
    150~180s: 816
    180~210s: 813
    210~240s: 736
    240~270s: 698
    270~300s: 645
    회차 시작 전(아직 안 열림, 사전 구독): 637건
    회차 종료 후(만기 지났는데 API가 아직 OPEN으로 보여줌): 21건

판정(배관): 통과 — 60분 내내 연결이 유지됐고(재접속이 있었다면 전부 복구됐고) 모든 구독/구독해제 요청이 승인됐다
판정(오더북 연속성): 관측됨 — 9366개 프레임, 최대 무갱신 간격 1s. 이 값이 재호가 루프 설계의 입력이다(끊기지 않았다는 보장은 아니다 — 위 최대 간격을 직접 봐라).
